\BOOKMARK [0][-]{part.1}{\376\377\000I\000\040\173\054\116\000\123\167\377\032\122\044\121\263\121\150\227\142\213\304\117\060\116\016\133\130\127\050\225\356\230\230\122\006\147\220}{}% 1
\BOOKMARK [1][-]{section.1}{\376\377\170\024\172\166\151\202\217\360\116\016\150\110\116\366\127\372\147\054\140\305\121\265}{part.1}% 2
\BOOKMARK [2][-]{subsection.1.1}{\376\377\150\110\116\366\127\372\147\054\140\305\121\265}{section.1}% 3
\BOOKMARK [3][-]{subsubsection.1.1.1}{\376\377\122\044\121\263\176\323\147\234}{subsection.1.1}% 4
\BOOKMARK [3][-]{subsubsection.1.1.2}{\376\377\122\044\121\263\213\244\133\232\166\204\116\073\211\201\162\257\177\152\116\213\133\236}{subsection.1.1}% 5
\BOOKMARK [3][-]{subsubsection.1.1.3}{\376\377\122\044\121\263\213\244\133\232\177\152\124\015\377\010\135\362\217\375\213\311\0008\230\171\377\011}{subsection.1.1}% 6
\BOOKMARK [2][-]{subsection.1.2}{\376\377\170\024\172\166\145\271\154\325\116\016\215\050\221\317\150\007\121\306}{section.1}% 7
\BOOKMARK [1][-]{section.2}{\376\377\122\044\121\263\133\130\127\050\225\356\230\230\122\006\147\220}{part.1}% 8
\BOOKMARK [2][-]{subsection.2.1}{\376\377\116\000\060\001\177\152\124\015\213\244\133\232\225\356\230\230\040\024\040\024\0001\0002\230\171\220\127\157\017\177\152\124\015\172\167\134\075\122\006\147\220}{section.2}% 9
\BOOKMARK [3][-]{subsubsection.2.1.1}{\376\377\377\010\116\000\377\011\155\027\224\261\177\152\377\010\122\021\154\325\173\054\0001\0009\0001\147\141\377\011\040\024\040\024\147\000\232\330\117\030\121\110\176\247\220\127\157\017}{subsection.2.1}% 10
\BOOKMARK [3][-]{subsubsection.2.1.2}{\376\377\377\010\116\214\377\011\220\003\172\016\177\152\377\010\122\021\154\325\173\054\0002\0000\0001\147\141\377\011\040\024\040\024\232\330\117\030\121\110\176\247\220\127\157\017}{subsection.2.1}% 11
\BOOKMARK [3][-]{subsubsection.2.1.3}{\376\377\377\010\116\011\377\011\232\227\123\326\215\067\153\076\177\152\377\010\122\021\154\325\173\054\0001\0007\0005\147\141\116\113\116\000\377\011\040\024\040\024\232\330\117\030\121\110\176\247\220\127\157\017}{subsection.2.1}% 12
\BOOKMARK [3][-]{subsubsection.2.1.4}{\376\377\377\010\126\333\377\011\200\314\117\341\143\137\133\263\116\012\136\002\121\154\123\370\122\051\166\312\177\152\377\010\122\021\154\325\173\054\0001\0006\0009\147\141\116\113\116\000\060\001\173\054\0001\0006\0009\147\141\116\113\116\214\377\011\040\024\040\024\232\330\117\030\121\110\176\247\220\127\157\017}{subsection.2.1}% 13
\BOOKMARK [3][-]{subsubsection.2.1.5}{\376\377\377\010\116\224\377\011\143\052\165\050\215\104\221\321\177\152\377\010\122\021\154\325\173\054\0002\0007\0002\147\141\377\011\040\024\040\024\232\330\117\030\121\110\176\247\220\127\157\017}{subsection.2.1}% 14
\BOOKMARK [3][-]{subsubsection.2.1.6}{\376\377\377\010\121\155\377\011\133\371\227\136\126\375\133\266\135\345\117\134\116\272\124\130\210\114\215\077\177\152\377\010\122\021\154\325\173\054\0001\0006\0004\147\141\377\011\040\024\040\024\232\330\117\030\121\110\176\247\220\127\157\017}{subsection.2.1}% 15
\BOOKMARK [3][-]{subsubsection.2.1.7}{\376\377\377\010\116\003\377\011\217\335\211\304\142\253\227\062\221\315\211\201\117\341\140\157\177\152\377\010\122\021\154\325\173\054\0001\0006\0001\147\141\377\011\040\024\040\024\175\047\140\045\220\127\157\017}{subsection.2.1}% 16
\BOOKMARK [3][-]{subsubsection.2.1.8}{\376\377\377\010\121\153\377\011\121\372\121\167\213\301\146\016\145\207\116\366\221\315\131\047\131\061\133\236\177\152\377\010\122\021\154\325\173\054\0002\0002\0009\147\141\377\011\040\024\040\024\175\047\140\045\220\127\157\017}{subsection.2.1}% 17
\BOOKMARK [3][-]{subsubsection.2.1.9}{\376\377\377\010\116\135\377\011\201\363\377\010\123\101\116\214\377\011\121\166\116\326\220\127\157\017\177\152\124\015\173\200\217\360}{subsection.2.1}% 18
\BOOKMARK [2][-]{subsection.2.2}{\376\377\116\214\060\001\122\021\177\132\210\301\221\317\225\356\230\230\040\024\040\024\0005\230\171\150\070\137\303\177\072\226\167}{section.2}% 19
\BOOKMARK [3][-]{subsubsection.2.2.1}{\376\377\377\010\116\000\377\011\177\132\221\321\145\160\230\235\116\016\162\257\177\152\211\304\152\041\116\045\221\315\116\015\142\020\153\324\117\213}{subsection.2.2}% 20
\BOOKMARK [3][-]{subsubsection.2.2.2}{\376\377\377\010\116\214\377\011\145\340\147\037\137\222\122\021\146\057\124\046\136\224\221\115\131\127\000"\176\310\216\253\166\321\171\201\000"}{subsection.2.2}% 21
\BOOKMARK [3][-]{subsubsection.2.2.3}{\376\377\377\010\116\011\377\011\000"\215\043\116\344\220\000\215\124\000"\166\204\142\147\210\114\172\172\155\036\123\026\230\316\226\151}{subsection.2.2}% 22
\BOOKMARK [3][-]{subsubsection.2.2.4}{\376\377\377\010\126\333\377\011\145\160\177\152\136\166\177\132\166\204\177\152\145\160\124\010\164\006\140\047\133\130\165\221}{subsection.2.2}% 23
\BOOKMARK [3][-]{subsubsection.2.2.5}{\376\377\377\010\116\224\377\011\140\122\131\047\226\306\126\342\116\016\140\122\131\047\127\060\116\247\122\006\122\053\131\004\177\132\166\204\124\010\164\006\140\047\133\130\165\221}{subsection.2.2}% 24
\BOOKMARK [1][-]{section.3}{\376\377\215\043\116\373\116\073\117\123\225\356\230\230\040\024\040\024\0005\131\047\174\173\116\073\117\123\147\052\210\253\217\375\213\311}{part.1}% 25
\BOOKMARK [2][-]{subsection.3.1}{\376\377\116\000\060\001\140\122\131\047\226\306\126\342\117\123\174\373\121\205\147\052\210\253\217\375\213\311\116\073\117\123\172\167\134\075\167\351\226\065}{section.3}% 26
\BOOKMARK [2][-]{subsection.3.2}{\376\377\116\214\060\001\116\055\116\313\147\072\147\204\147\052\210\253\217\375\213\311\040\024\040\024\174\373\176\337\140\047\177\072\131\061\121\150\122\006\147\220}{section.3}% 27
\BOOKMARK [2][-]{subsection.3.3}{\376\377\116\011\060\001\221\321\207\215\147\072\147\204\166\370\121\163\215\043\116\373\116\272\124\130\147\052\210\253\217\375\213\311\040\024\040\024\133\371\124\021\162\257\122\006\147\220}{section.3}% 28
\BOOKMARK [0][-]{part.2}{\376\377\000I\000I\000\040\173\054\116\214\123\167\377\032\121\150\224\376\147\141\122\021\116\213\217\375\213\311\123\357\210\114\140\047\172\167\134\075\122\006\147\220}{}% 29
\BOOKMARK [1][-]{section.4}{\376\377\217\375\213\311\123\357\210\114\140\047\167\351\226\065\040\024\040\024\116\055\126\375\122\021\154\325\177\152\124\015\121\150\211\206\166\326\122\006\147\220}{part.2}% 30
\BOOKMARK [2][-]{subsection.4.1}{\376\377\116\000\060\001\135\362\217\375\213\311\177\152\124\015\217\375\213\311\215\050\221\317\213\304\117\060}{section.4}% 31
\BOOKMARK [2][-]{subsection.4.2}{\376\377\116\214\060\001\147\052\217\375\213\311\177\152\124\015\217\375\213\311\215\357\137\204\040\024\040\024\126\333\211\201\116\366\121\150\122\006\147\220}{section.4}% 32
\BOOKMARK [3][-]{subsubsection.4.2.1}{\376\377\155\027\224\261\177\152\377\010\122\021\154\325\173\054\0001\0009\0001\147\141\377\011\126\333\211\201\116\366\122\006\147\220}{subsection.4.2}% 33
\BOOKMARK [3][-]{subsubsection.4.2.2}{\376\377\220\003\172\016\177\152\377\010\122\021\154\325\173\054\0002\0000\0001\147\141\377\011\126\333\211\201\116\366\122\006\147\220}{subsection.4.2}% 34
\BOOKMARK [3][-]{subsubsection.4.2.3}{\376\377\232\227\123\326\215\067\153\076\177\152\377\010\122\021\154\325\173\054\0001\0007\0005\147\141\116\113\116\000\377\011\126\333\211\201\116\366\122\006\147\220}{subsection.4.2}% 35
\BOOKMARK [3][-]{subsubsection.4.2.4}{\376\377\200\314\117\341\143\137\133\263\116\012\136\002\121\154\123\370\122\051\166\312\177\152\377\010\122\021\154\325\173\054\0001\0006\0009\147\141\116\113\116\000\060\001\173\054\0001\0006\0009\147\141\116\113\116\214\377\011\126\333\211\201\116\366\122\006\147\220}{subsection.4.2}% 36
\BOOKMARK [1][-]{section.5}{\376\377\217\375\213\311\145\366\145\110\122\006\147\220\040\024\040\024\175\047\140\045\210\114\122\250\145\366\225\364\172\227\123\343}{part.2}% 37
\BOOKMARK [2][-]{subsection.5.1}{\376\377\147\000\232\330\117\030\121\110\176\247\377\032\0002\0000\0002\0006\136\164\136\225\122\115\137\305\230\173\133\214\142\020\166\204\210\114\122\250\156\005\123\125}{section.5}% 38
\BOOKMARK [0][-]{part.3}{\376\377\000I\000I\000I\000\040\173\054\116\011\123\167\377\032\213\301\143\156\224\376\121\150\146\157\147\204\136\372\150\007\121\306\123\026\142\113\121\214}{}% 39
\BOOKMARK [1][-]{section.6}{\376\377\116\224\230\171\213\301\143\156\224\376\145\255\210\302\160\271\121\150\122\006\147\220}{part.3}% 40
\BOOKMARK [2][-]{subsection.6.1}{\376\377\145\255\210\302\160\271\116\000\377\032\155\211\150\110\221\321\230\235\213\244\133\232\377\010\147\201\232\330\230\316\226\151\377\011}{section.6}% 41
\BOOKMARK [2][-]{subsection.6.2}{\376\377\145\255\210\302\160\271\116\214\377\032\116\073\211\302\145\105\141\017\213\301\146\016\377\010\232\330\230\316\226\151\377\011}{section.6}% 42
\BOOKMARK [2][-]{subsection.6.3}{\376\377\145\255\210\302\160\271\116\011\377\032\123\125\117\115\141\017\137\327\116\016\116\052\116\272\215\043\116\373\123\072\122\006\377\010\232\330\230\316\226\151\377\011}{section.6}% 43
\BOOKMARK [2][-]{subsection.6.4}{\376\377\145\255\210\302\160\271\126\333\377\032\126\340\147\234\121\163\174\373\213\301\146\016\377\010\116\055\232\330\230\316\226\151\377\011}{section.6}% 44
\BOOKMARK [2][-]{subsection.6.5}{\376\377\145\255\210\302\160\271\116\224\377\032\121\163\225\056\213\301\116\272\177\072\131\061\377\010\147\201\232\330\230\316\226\151\377\011}{section.6}% 45
\BOOKMARK [1][-]{section.7}{\376\377\121\155\131\047\177\152\124\015\126\333\211\201\116\366\213\301\143\156\224\376\150\007\121\306\123\026\142\113\121\214}{part.3}% 46
\BOOKMARK [2][-]{subsection.7.1}{\376\377\142\113\121\214\116\000\377\032\227\136\154\325\124\070\145\066\121\154\117\027\133\130\153\076\177\152\377\010\122\021\154\325\173\054\0001\0007\0006\147\141\377\011}{section.7}% 47
\BOOKMARK [2][-]{subsection.7.2}{\376\377\142\113\121\214\116\214\377\032\155\027\224\261\177\152\377\010\122\021\154\325\173\054\0001\0009\0001\147\141\377\011}{section.7}% 48
\BOOKMARK [1][-]{section.8}{\376\377\147\052\214\003\123\326\213\301\143\156\156\005\123\125\040\024\040\024\117\030\121\110\176\247\167\351\226\065}{part.3}% 49
\BOOKMARK [0][-]{part.4}{\376\377\000I\000V\000\040\173\054\126\333\123\167\377\032\126\375\121\205\131\026\174\173\150\110\172\167\134\075\170\024\172\166}{}% 50
\BOOKMARK [1][-]{section.9}{\376\377\126\375\121\205\174\173\150\110\133\214\145\164\145\160\143\156\136\223\377\010\0002\0000\0001\0006\136\164\201\363\0002\0000\0002\0006\136\164\377\011}{part.4}% 51
\BOOKMARK [2][-]{subsection.9.1}{\376\377\176\374\124\010\221\321\207\215\162\257\177\152\150\110\116\366\133\214\145\164\145\160\143\156\136\223}{section.9}% 52
\BOOKMARK [2][-]{subsection.9.2}{\376\377\221\317\122\021\211\304\137\213\122\006\147\220\040\024\040\024\172\167\134\075\143\320\160\274\126\333\131\047\211\304\137\213}{section.9}% 53
\BOOKMARK [1][-]{section.10}{\376\377\126\375\226\105\174\173\150\110\172\167\134\075\170\024\172\166}{part.4}% 54
\BOOKMARK [2][-]{subsection.10.1}{\376\377\121\150\164\003\221\315\131\047\221\321\207\215\000/\117\001\116\032\135\051\130\114\150\110\116\366\133\371\153\324}{section.10}% 55
\BOOKMARK [2][-]{subsection.10.2}{\376\377\116\055\177\216\142\147\154\325\215\357\137\204\174\373\176\337\140\047\153\324\217\203}{section.10}% 56
\BOOKMARK [0][-]{part.5}{\376\377\000V\000\040\173\054\116\224\123\167\377\032\215\104\116\247\217\375\126\336\116\016\123\327\133\263\200\005\145\121\155\116\121\150\146\157\145\271\150\110}{}% 57
\BOOKMARK [1][-]{section.11}{\376\377\123\327\133\263\200\005\122\006\174\173\116\016\145\121\155\116\215\357\137\204\121\150\146\157\122\006\147\220}{part.5}% 58
\BOOKMARK [2][-]{subsection.11.1}{\376\377\116\003\174\173\123\327\133\263\200\005\156\005\120\177\230\172\117\115\167\351\226\065}{section.11}% 59
\BOOKMARK [1][-]{section.12}{\376\377\130\203\131\026\215\104\116\247\217\375\126\336\040\024\040\024\116\011\215\357\137\204\121\150\122\006\147\220}{part.5}% 60
\BOOKMARK [2][-]{subsection.12.1}{\376\377\116\001\163\211\150\205\130\203\131\026\215\104\116\247\217\375\126\336\145\271\150\110}{section.12}% 61
\BOOKMARK [0][-]{part.6}{\376\377\000V\000I\000\040\173\054\121\155\123\167\377\032\122\066\136\246\133\214\125\204\145\077\173\126\136\372\213\256}{}% 62
\BOOKMARK [1][-]{section.13}{\376\377\122\021\154\325\134\102\227\142\040\024\040\024\172\313\154\325\117\356\153\143\136\372\213\256}{part.6}% 63
\BOOKMARK [1][-]{section.14}{\376\377\221\321\207\215\166\321\173\241\134\102\227\142\040\024\040\024\116\213\122\115\116\213\116\055\116\213\124\016\121\150\224\376\147\141\136\372\213\256}{part.6}% 64
\BOOKMARK [2][-]{subsection.14.1}{\376\377\116\213\122\115\166\321\173\241\137\072\123\026\377\010\230\204\226\062\147\072\122\066\377\011}{section.14}% 65
\BOOKMARK [2][-]{subsection.14.2}{\376\377\116\213\116\055\166\321\173\241\137\072\123\026\377\010\123\321\163\260\147\072\122\066\377\011}{section.14}% 66
\BOOKMARK [2][-]{subsection.14.3}{\376\377\116\213\124\016\131\004\177\156\137\072\123\026\377\010\145\121\155\116\147\072\122\066\377\011}{section.14}% 67
\BOOKMARK [0][-]{part.7}{\376\377\000V\000I\000I\000\040\123\302\200\003\145\207\163\056}{}% 68
